
> eight-d-reporter@0.1.0 build
> next build

??Next.js 16.2.1 (Turbopack)

  Creating an optimized production build ...
??Compiled successfully in 4.4s
  Running TypeScript ...
node.exe : Failed to type check.
位於 線路:1 字元:1
+ & "C:\Program Files\nodejs/node.exe" "C:\Program Files
\nodejs/node_mo ...
+ ~~~~~~~~~~~~~~~~~~~~~~~~~~~~~~~~~~~~~~~~~~~~~~~~~~~~~~
~~~~~~~~~~~~~~~
    + CategoryInfo          : NotSpecified: (Failed to  
   type check.:String) [], RemoteException
    + FullyQualifiedErrorId : NativeCommandError
 

./src/components/Sidebar.tsx:204:55
Type error: Property 'formData' does not exist on type '
ReportHistoryItem'.

  [90m202 |[0m ...       <div className=[32m"min-w-0 
pr-4"[0m>
  [90m203 |[0m ...         <div className=[32m"text-[
13px] font-bold text-(--text-primary) truncate mb-0.5"[
0m>
[31m[1m>[0m [90m204 |[0m ...           {report?.pro
ductInfo || report?.formData?.title || [32m"?芸???[0
m}
  [90m    |[0m                                        
       [31m[1m^[0m
  [90m205 |[0m ...         </div>
  [90m206 |[0m ...         <div className=[32m"text-[
10px] text-(--text-secondary) font-bold uppercase trunc.
..[0m
  [90m207 |[0m ...           {report.date}
Next.js build worker exited with code: 1 and signal: nul
l
